// Jest Snapshot v1, https://goo.gl/fbAQLP

exports[`Unit test of layout sider content component Full render test 1`] = `
<div>
  <Connect(Component)
    placeholder="Add new category"
  />
  <Connect(Component) />
</div>
`;
