// Jest Snapshot v1, https://goo.gl/fbAQLP

exports[`Unit test of HeaderContent full render test 1`] = `
<div>
  <div
    className="headerMenu"
  >
    <h1
      className="headerLogo"
    >
      Task Accountant
    </h1>
    <ButtonGroup
      size="small"
    >
      <Button
        block={false}
        disabled={false}
        ghost={false}
        loading={false}
        onClick={[Function]}
        type="primary"
      >
        <Icon
          type="left"
        />
        Backward
      </Button>
      <Button
        block={false}
        disabled={false}
        ghost={false}
        loading={false}
        onClick={[Function]}
        type="primary"
      >
        Forward
        <Icon
          type="right"
        />
      </Button>
    </ButtonGroup>
  </div>
  <Progress
    className="progressBar"
    gapDegree={0}
    percent={50}
    showInfo={false}
    size="default"
    strokeColor="red"
    strokeLinecap="round"
    trailColor="#f3f3f3"
    type="line"
  />
</div>
`;
